// Jest Snapshot v1, https://goo.gl/fbAQLP

exports[`useUserCreate returns a list of users with new user 1`] = `
Array [
  Object {
    "friends": Array [
      Object {
        "name": "A Friend",
        "uuid": "acc82963-61c3-37ec-b334-e8f6bf6b7f57",
      },
    ],
    "name": "A User",
    "uuid": "6bb0295f-8665-30a1-af76-6d1236b88971",
  },
  Object {
    "friends": Array [],
    "name": "A User Friend",
    "uuid": "acc82963-61c3-37ec-b334-e8f6bf6b7f57",
  },
  Object {
    "friends": Array [],
    "name": "A Friend of a Friend",
    "uuid": "34e65f4b-188c-37e3-a73c-4e0f244df9eb",
  },
  Object {
    "friends": Array [],
    "name": "Added",
    "uuid": "0267eff2-b1ca-331c-be5b-bb5aa22a6e5b",
  },
]
`;
